2026-09-08 16:03:31,053 ERROR Operation ZDEPOTHEAD failed:
Traceback (most recent call last):
  File "C:\Users\Abdullah\Desktop\DailyTask-Notebook\APP\operations.py", line 286, in _zdepothead_template
    colmap = _resolve_columns(df, required)
             ^^^^^^^^^^^^^^^^^^^^^^^^^^^^^^
  File "C:\Users\Abdullah\Desktop\DailyTask-Notebook\APP\operations.py", line 222, in _resolve_columns
    raise ValueError(
ValueError: Missing required column(s): Hierarchy, Depot Head. Available: Employee ID, Depot Code, Terr. Code, Hierarchy lvl, Division, Start Date, End Date, MIO/SMIO, MIO/SMIO Ter.code, AM/SAM, AM/SAM Ter.code, SAM, SAM Ter.code, RSM/ASM, RSM/ ASM Ter.code, ASM, ASM ter Code, DSM, DSM Ter.code, SM, SM Ter.code, SSM, SSM Ter.code, AGM, AGM Ter.code, DGM, DGM Ter.code, GM, GM Ter.code, AD, AD Terr.Code, ED, ED Terr. Code

During handling of the above exception, another exception occurred:

Traceback (most recent call last):
  File "C:\Users\Abdullah\Desktop\DailyTask-Notebook\APP\main.py", line 270, in on_apply
    result = spec.func(self.source_df, **params)
             ^^^^^^^^^^^^^^^^^^^^^^^^^^^^^^^^^^^
  File "C:\Users\Abdullah\Desktop\DailyTask-Notebook\APP\operations.py", line 187, in op_zdepothead
    return _zdepothead_template(df, start_date.strip(), end_date.strip(), code, name)
           ^^^^^^^^^^^^^^^^^^^^^^^^^^^^^^^^^^^^^^^^^^^^^^^^^^^^^^^^^^^^^^^^^^^^^^^^^^
  File "C:\Users\Abdullah\Desktop\DailyTask-Notebook\APP\operations.py", line 290, in _zdepothead_template
    work = _detect_header(df, required)
           ^^^^^^^^^^^^^^^^^^^^^^^^^^^^
  File "C:\Users\Abdullah\Desktop\DailyTask-Notebook\APP\operations.py", line 270, in _detect_header
    raise ValueError(
ValueError: Could not find a header row with Depot Code, Division, Hierarchy, Depot Head (scanned first 50 rows). Check the sheet layout.

2026-09-08 16:03:54,719 ERROR Operation ZEMPLOYEE failed:
Traceback (most recent call last):
  File "C:\Users\Abdullah\Desktop\DailyTask-Notebook\APP\main.py", line 270, in on_apply
    result = spec.func(self.source_df, **params)
             ^^^^^^^^^^^^^^^^^^^^^^^^^^^^^^^^^^^
  File "C:\Users\Abdullah\Desktop\DailyTask-Notebook\APP\operations.py", line 370, in op_zemployee
    return _zemployee_template(df, start_date.strip(), end_date.strip(), code, name)
           ^^^^^^^^^^^^^^^^^^^^^^^^^^^^^^^^^^^^^^^^^^^^^^^^^^^^^^^^^^^^^^^^^^^^^^^^^
  File "C:\Users\Abdullah\Desktop\DailyTask-Notebook\APP\operations.py", line 555, in _zemployee_template
    raise ValueError(
ValueError: ZEMPLOYEE validation failed (Pharma):
- Col4 Hierarchy must be 1..12 (rows: 496, 497, 498, 499, 500, 501, 502, 503, 504, 505…)
- Col3 must end with A/B/C/P for Pharma when hierarchy is 1/2 (rows: 2, 3, 4, 5, 6, 7, 8, 9, 10, 11…)
- Col5 Division must be 01/Pharma (rows: 2, 3, 4, 5, 6, 7, 8, 9, 10, 11…)

2026-09-08 16:04:13,126 ERROR Operation ZEMPLOYEE failed:
Traceback (most recent call last):
  File "C:\Users\Abdullah\Desktop\DailyTask-Notebook\APP\main.py", line 270, in on_apply
    result = spec.func(self.source_df, **params)
             ^^^^^^^^^^^^^^^^^^^^^^^^^^^^^^^^^^^
  File "C:\Users\Abdullah\Desktop\DailyTask-Notebook\APP\operations.py", line 370, in op_zemployee
    return _zemployee_template(df, start_date.strip(), end_date.strip(), code, name)
           ^^^^^^^^^^^^^^^^^^^^^^^^^^^^^^^^^^^^^^^^^^^^^^^^^^^^^^^^^^^^^^^^^^^^^^^^^
  File "C:\Users\Abdullah\Desktop\DailyTask-Notebook\APP\operations.py", line 555, in _zemployee_template
    raise ValueError(
ValueError: ZEMPLOYEE validation failed (Ophtha):
- Col4 Hierarchy must be 1..12 (rows: 496, 497, 498, 499, 500, 501, 502, 503, 504, 505…)
- Col5 Division must be 04/Ophtha (rows: 2, 3, 4, 5, 6, 7, 8, 9, 10, 11…)

2026-09-08 16:11:48,624 ERROR Operation ZEMPLOYEE failed:
Traceback (most recent call last):
  File "C:\Users\Abdullah\Desktop\DailyTask-Notebook\APP\main.py", line 270, in on_apply
    result = spec.func(self.source_df, **params)
             ^^^^^^^^^^^^^^^^^^^^^^^^^^^^^^^^^^^
  File "C:\Users\Abdullah\Desktop\DailyTask-Notebook\APP\operations.py", line 370, in op_zemployee
    return _zemployee_template(df, start_date.strip(), end_date.strip(), code, name)
           ^^^^^^^^^^^^^^^^^^^^^^^^^^^^^^^^^^^^^^^^^^^^^^^^^^^^^^^^^^^^^^^^^^^^^^^^^
  File "C:\Users\Abdullah\Desktop\DailyTask-Notebook\APP\operations.py", line 556, in _zemployee_template
    raise ValueError(
ValueError: ZEMPLOYEE validation failed (AG):
- Col3 must end with G for AG when hierarchy is 1/2 (rows: 2, 3, 4, 5, 6, 7, 8, 9, 10, 11…)

2026-09-08 16:14:29,104 ERROR Operation ZDEPOTHEAD failed:
Traceback (most recent call last):
  File "C:\Users\Abdullah\Desktop\DailyTask-Notebook\APP\operations.py", line 286, in _zdepothead_template
    colmap = _resolve_columns(df, required)
             ^^^^^^^^^^^^^^^^^^^^^^^^^^^^^^
  File "C:\Users\Abdullah\Desktop\DailyTask-Notebook\APP\operations.py", line 222, in _resolve_columns
    raise ValueError(
ValueError: Missing required column(s): Depot Code, Division, Hierarchy, Depot Head. Available: Unnamed: 1, Unnamed: 2, Unnamed: 3

During handling of the above exception, another exception occurred:

Traceback (most recent call last):
  File "C:\Users\Abdullah\Desktop\DailyTask-Notebook\APP\main.py", line 290, in on_apply
    result = spec.func(self.source_df, **params)
             ^^^^^^^^^^^^^^^^^^^^^^^^^^^^^^^^^^^
  File "C:\Users\Abdullah\Desktop\DailyTask-Notebook\APP\operations.py", line 187, in op_zdepothead
    return _zdepothead_template(df, start_date.strip(), end_date.strip(), code, name)
           ^^^^^^^^^^^^^^^^^^^^^^^^^^^^^^^^^^^^^^^^^^^^^^^^^^^^^^^^^^^^^^^^^^^^^^^^^^
  File "C:\Users\Abdullah\Desktop\DailyTask-Notebook\APP\operations.py", line 290, in _zdepothead_template
    work = _detect_header(df, required)
           ^^^^^^^^^^^^^^^^^^^^^^^^^^^^
  File "C:\Users\Abdullah\Desktop\DailyTask-Notebook\APP\operations.py", line 270, in _detect_header
    raise ValueError(
ValueError: Could not find a header row with Depot Code, Division, Hierarchy, Depot Head (scanned first 28 rows). Check the sheet layout.

2026-09-08 16:14:45,237 ERROR Operation ZDEPOTHEAD failed:
Traceback (most recent call last):
  File "C:\Users\Abdullah\Desktop\DailyTask-Notebook\APP\operations.py", line 286, in _zdepothead_template
    colmap = _resolve_columns(df, required)
             ^^^^^^^^^^^^^^^^^^^^^^^^^^^^^^
  File "C:\Users\Abdullah\Desktop\DailyTask-Notebook\APP\operations.py", line 222, in _resolve_columns
    raise ValueError(
ValueError: Missing required column(s): Depot Code, Division, Hierarchy, Depot Head. Available: Unnamed: 1, Unnamed: 2, Unnamed: 3

During handling of the above exception, another exception occurred:

Traceback (most recent call last):
  File "C:\Users\Abdullah\Desktop\DailyTask-Notebook\APP\main.py", line 290, in on_apply
    result = spec.func(self.source_df, **params)
             ^^^^^^^^^^^^^^^^^^^^^^^^^^^^^^^^^^^
  File "C:\Users\Abdullah\Desktop\DailyTask-Notebook\APP\operations.py", line 187, in op_zdepothead
    return _zdepothead_template(df, start_date.strip(), end_date.strip(), code, name)
           ^^^^^^^^^^^^^^^^^^^^^^^^^^^^^^^^^^^^^^^^^^^^^^^^^^^^^^^^^^^^^^^^^^^^^^^^^^
  File "C:\Users\Abdullah\Desktop\DailyTask-Notebook\APP\operations.py", line 290, in _zdepothead_template
    work = _detect_header(df, required)
           ^^^^^^^^^^^^^^^^^^^^^^^^^^^^
  File "C:\Users\Abdullah\Desktop\DailyTask-Notebook\APP\operations.py", line 270, in _detect_header
    raise ValueError(
ValueError: Could not find a header row with Depot Code, Division, Hierarchy, Depot Head (scanned first 28 rows). Check the sheet layout.

2026-09-08 16:17:36,857 ERROR Operation ZDEPOTHEAD failed:
Traceback (most recent call last):
  File "C:\Users\Abdullah\Desktop\DailyTask-Notebook\APP\operations.py", line 286, in _zdepothead_template
    colmap = _resolve_columns(df, required)
             ^^^^^^^^^^^^^^^^^^^^^^^^^^^^^^
  File "C:\Users\Abdullah\Desktop\DailyTask-Notebook\APP\operations.py", line 222, in _resolve_columns
    raise ValueError(
ValueError: Missing required column(s): Depot Code, Division, Hierarchy, Depot Head. Available: Unnamed: 1, Unnamed: 2, Unnamed: 3

During handling of the above exception, another exception occurred:

Traceback (most recent call last):
  File "C:\Users\Abdullah\Desktop\DailyTask-Notebook\APP\main.py", line 290, in on_apply
    result = spec.func(self.source_df, **params)
             ^^^^^^^^^^^^^^^^^^^^^^^^^^^^^^^^^^^
  File "C:\Users\Abdullah\Desktop\DailyTask-Notebook\APP\operations.py", line 187, in op_zdepothead
    return _zdepothead_template(df, start_date.strip(), end_date.strip(), code, name)
           ^^^^^^^^^^^^^^^^^^^^^^^^^^^^^^^^^^^^^^^^^^^^^^^^^^^^^^^^^^^^^^^^^^^^^^^^^^
  File "C:\Users\Abdullah\Desktop\DailyTask-Notebook\APP\operations.py", line 290, in _zdepothead_template
    work = _detect_header(df, required)
           ^^^^^^^^^^^^^^^^^^^^^^^^^^^^
  File "C:\Users\Abdullah\Desktop\DailyTask-Notebook\APP\operations.py", line 270, in _detect_header
    raise ValueError(
ValueError: Could not find a header row with Depot Code, Division, Hierarchy, Depot Head (scanned first 28 rows). Check the sheet layout.

2026-09-08 16:47:15,610 ERROR Operation ZMIO_TARGET failed:
Traceback (most recent call last):
  File "C:\Users\Abdullah\Desktop\DailyTask-Notebook\APP\main.py", line 292, in on_apply
    result = spec.func(self.source_df, **params)
             ^^^^^^^^^^^^^^^^^^^^^^^^^^^^^^^^^^^
  File "C:\Users\Abdullah\Desktop\DailyTask-Notebook\APP\operations.py", line 651, in op_zmio_target
    return _zmio_target_template(df, start_date.strip(), end_date.strip(), code, name)
           ^^^^^^^^^^^^^^^^^^^^^^^^^^^^^^^^^^^^^^^^^^^^^^^^^^^^^^^^^^^^^^^^^^^^^^^^^^^
  File "C:\Users\Abdullah\Desktop\DailyTask-Notebook\APP\operations.py", line 740, in _zmio_target_template
    raise ValueError(
ValueError: ZMIO_TARGET validation failed (AH):
- Col2 Terr Code must be 7 chars (rows: 2, 3, 4, 5, 6, 7, 8, 9, 10, 11…)
- Col3 Depot must be 4-digit (rows: 2, 3, 4, 5, 6, 7, 8, 9, 10, 11…)

2026-09-08 16:47:50,195 ERROR Operation ZMIO_TARGET failed:
Traceback (most recent call last):
  File "C:\Users\Abdullah\Desktop\DailyTask-Notebook\APP\operations.py", line 667, in _zmio_target_template
    _resolve_columns(df, anchor)
  File "C:\Users\Abdullah\Desktop\DailyTask-Notebook\APP\operations.py", line 242, in _resolve_columns
    raise ValueError(
ValueError: Missing required column(s): Start Date, End Date. Available: Hierarchy, Division, Field Force, Designation, COL_6, COL_7

During handling of the above exception, another exception occurred:

Traceback (most recent call last):
  File "C:\Users\Abdullah\Desktop\DailyTask-Notebook\APP\main.py", line 292, in on_apply
    result = spec.func(self.source_df, **params)
             ^^^^^^^^^^^^^^^^^^^^^^^^^^^^^^^^^^^
  File "C:\Users\Abdullah\Desktop\DailyTask-Notebook\APP\operations.py", line 651, in op_zmio_target
    return _zmio_target_template(df, start_date.strip(), end_date.strip(), code, name)
           ^^^^^^^^^^^^^^^^^^^^^^^^^^^^^^^^^^^^^^^^^^^^^^^^^^^^^^^^^^^^^^^^^^^^^^^^^^^
  File "C:\Users\Abdullah\Desktop\DailyTask-Notebook\APP\operations.py", line 670, in _zmio_target_template
    work = _detect_header(df, anchor, tag="ZMIO_TARGET")
           ^^^^^^^^^^^^^^^^^^^^^^^^^^^^^^^^^^^^^^^^^^^^^
  File "C:\Users\Abdullah\Desktop\DailyTask-Notebook\APP\operations.py", line 312, in _detect_header
    raise ValueError(
ValueError: Could not find a header row with Division, Start Date, End Date (scanned first 13 rows). Columns seen: Hierarchy, Division, Field Force, Designation, COL_6, COL_7. First row: 1 | 04 | L1 | MIO/SMIO/SIO/SSIO |  | . Check the sheet layout.

2026-09-08 16:48:28,697 ERROR Operation ZMIO_TARGET failed:
Traceback (most recent call last):
  File "C:\Users\Abdullah\Desktop\DailyTask-Notebook\APP\main.py", line 292, in on_apply
    result = spec.func(self.source_df, **params)
             ^^^^^^^^^^^^^^^^^^^^^^^^^^^^^^^^^^^
  File "C:\Users\Abdullah\Desktop\DailyTask-Notebook\APP\operations.py", line 651, in op_zmio_target
    return _zmio_target_template(df, start_date.strip(), end_date.strip(), code, name)
           ^^^^^^^^^^^^^^^^^^^^^^^^^^^^^^^^^^^^^^^^^^^^^^^^^^^^^^^^^^^^^^^^^^^^^^^^^^^
  File "C:\Users\Abdullah\Desktop\DailyTask-Notebook\APP\operations.py", line 740, in _zmio_target_template
    raise ValueError(
ValueError: ZMIO_TARGET validation failed (Ophtha):
- Col1 MIO Code must be EM + 10 chars (rows: 331, 332)
- Col2 Terr Code must be 7 chars (rows: 331, 332)
- Col3 Depot must be 4-digit (rows: 331, 332)
- Col7 Target Value must be numeric (rows: 331)

2026-09-16 16:54:58,720 ERROR Operation Setup_validation failed:
Traceback (most recent call last):
  File "C:\Users\Abdullah\Desktop\DailyTask-Notebook\APP\main.py", line 159, in _target
    result = worker()
             ^^^^^^^^
  File "C:\Users\Abdullah\Desktop\DailyTask-Notebook\APP\main.py", line 368, in <lambda>
    lambda: spec.func(source, **params),
            ^^^^^^^^^^^^^^^^^^^^^^^^^^^
  File "C:\Users\Abdullah\Desktop\DailyTask-Notebook\APP\operations.py", line 986, in op_setup_validation
    return _setup_validation_template(df, start_date.strip(), end_date.strip(), code, name)
           ^^^^^^^^^^^^^^^^^^^^^^^^^^^^^^^^^^^^^^^^^^^^^^^^^^^^^^^^^^^^^^^^^^^^^^^^^^^^^^^^
  File "C:\Users\Abdullah\Desktop\DailyTask-Notebook\APP\operations.py", line 1151, in _setup_validation_template
    raise ValueError(
ValueError: Setup_validation failed (Onco):
- Each KUNNR must keep one TERR_CODE (1 violators, e.g. EM00000000=MT711-N,RN03001)

2026-09-16 17:03:06,395 ERROR Operation SETUP_VALIDATION failed:
Traceback (most recent call last):
  File "C:\Users\Abdullah\Desktop\DailyTask-Notebook\APP\main.py", line 172, in _target
    result = worker()
             ^^^^^^^^
  File "C:\Users\Abdullah\Desktop\DailyTask-Notebook\APP\main.py", line 381, in <lambda>
    lambda: spec.func(source, **params),
            ^^^^^^^^^^^^^^^^^^^^^^^^^^^
  File "C:\Users\Abdullah\Desktop\DailyTask-Notebook\APP\operations.py", line 986, in op_setup_validation
    return _setup_validation_template(df, start_date.strip(), end_date.strip(), code, name)
           ^^^^^^^^^^^^^^^^^^^^^^^^^^^^^^^^^^^^^^^^^^^^^^^^^^^^^^^^^^^^^^^^^^^^^^^^^^^^^^^^
  File "C:\Users\Abdullah\Desktop\DailyTask-Notebook\APP\operations.py", line 1151, in _setup_validation_template
    raise ValueError(
ValueError: SETUP_VALIDATION failed (Onco):
- BEGDA must be 01.10.2026, first day of month (rows: 2, 3, 4, 5, 6, 7, 8, 9, 10, 11…)
- ENDDA must be 31.10.2026, last day of month (rows: 2, 3, 4, 5, 6, 7, 8, 9, 10, 11…)

2026-09-16 17:03:06,461 ERROR Ignored benign Tk teardown race: bad window path name ".!ctktoplevel3"
2026-09-16 17:03:06,462 ERROR Ignored benign Tk teardown race: bad window path name ".!ctktoplevel3"
2026-09-16 17:03:33,007 ERROR Ignored benign Tk teardown race: bad window path name ".!ctktoplevel6"
2026-09-16 17:03:33,007 ERROR Ignored benign Tk teardown race: bad window path name ".!ctktoplevel6"
2026-09-16 17:04:46,017 ERROR Operation SETUP_VALIDATION failed:
Traceback (most recent call last):
  File "C:\Users\Abdullah\Desktop\DailyTask-Notebook\APP\main.py", line 172, in _target
    result = worker()
             ^^^^^^^^
  File "C:\Users\Abdullah\Desktop\DailyTask-Notebook\APP\main.py", line 381, in <lambda>
    lambda: spec.func(source, **params),
            ^^^^^^^^^^^^^^^^^^^^^^^^^^^
  File "C:\Users\Abdullah\Desktop\DailyTask-Notebook\APP\operations.py", line 986, in op_setup_validation
    return _setup_validation_template(df, start_date.strip(), end_date.strip(), code, name)
           ^^^^^^^^^^^^^^^^^^^^^^^^^^^^^^^^^^^^^^^^^^^^^^^^^^^^^^^^^^^^^^^^^^^^^^^^^^^^^^^^
  File "C:\Users\Abdullah\Desktop\DailyTask-Notebook\APP\operations.py", line 1151, in _setup_validation_template
    raise ValueError(
ValueError: SETUP_VALIDATION failed (Onco):
- TERR_CODE division rule failed — non-4 must end with 01:-A/-B/-C/-P 02:-G 03:-N 04:-V 09:-L 11:-D; level 4 must start with RP/RG/RN/RV/RL/RD (rows: 24)
- Own-level LEVELn_TERR must equal TERR_CODE (row: 24 (level 2))
- Each KUNNR must keep one TERR_CODE (1 violators, e.g. EM00009239=PA020-N,PA020-p)
- Parent territory mismatch (child maps to 2+ parents): L1 PA011-N -> L2 ['PA010-N', 'PA020-N']

2026-09-16 17:04:46,067 ERROR Ignored benign Tk teardown race: bad window path name ".!ctktoplevel9"
2026-09-16 17:04:46,067 ERROR Ignored benign Tk teardown race: bad window path name ".!ctktoplevel9"
2026-09-16 17:15:21,981 ERROR Operation SETUP_VALIDATION failed:
Traceback (most recent call last):
  File "C:\Users\Abdullah\Desktop\DailyTask-Notebook\APP\main.py", line 172, in _target
    result = worker()
             ^^^^^^^^
  File "C:\Users\Abdullah\Desktop\DailyTask-Notebook\APP\main.py", line 381, in <lambda>
    lambda: spec.func(source, **params),
            ^^^^^^^^^^^^^^^^^^^^^^^^^^^
  File "C:\Users\Abdullah\Desktop\DailyTask-Notebook\APP\operations.py", line 992, in op_setup_validation
    return _setup_validation_template(df, start_date.strip(), end_date.strip(), code, name)
           ^^^^^^^^^^^^^^^^^^^^^^^^^^^^^^^^^^^^^^^^^^^^^^^^^^^^^^^^^^^^^^^^^^^^^^^^^^^^^^^^
  File "C:\Users\Abdullah\Desktop\DailyTask-Notebook\APP\operations.py", line 1213, in _setup_validation_template
    raise ValueError(
ValueError: SETUP_VALIDATION failed (Onco):
- TERR_CODE division rule failed — non-4 must end with 01:-A/-B/-C/-P 02:-G 03:-N 04:-V 09:-L 11:-D; level 4 must start with RP/RG/RN/RV/RL/RD (rows: 24)
- Own-level LEVELn_TERR must equal TERR_CODE (row: 24 (level 2))
- Each KUNNR must keep one TERR_CODE (1 violators): EM00009239: PA020-N (rows: 21, 22, 23, 25, 26) vs PA020-p (rows: 24)
- Parent territory mismatch (child maps to 2+ parents): L1 PA011-N -> L2 [PA010-N (rows: 2, 4), PA020-N (rows: 3)] — look up rows 2, 3, 4

2026-09-17 10:05:38,741 ERROR Ignored benign Tk teardown race: bad window path name ".!ctktoplevel2"
2026-09-17 10:09:32,547 ERROR Ignored benign Tk teardown race: bad window path name ".!ctktoplevel2"
2026-09-17 10:21:21,033 ERROR Ignored benign Tk teardown race: bad window path name ".!ctktoplevel2"
2026-09-17 10:21:37,558 ERROR Ignored benign Tk teardown race: bad window path name ".!ctktoplevel3"
2026-09-17 10:36:46,921 ERROR Ignored benign Tk teardown race: bad window path name ".!ctktoplevel3"
2026-09-17 10:47:43,141 ERROR Ignored benign Tk teardown race: bad window path name ".!ctktoplevel3"
2026-09-17 11:00:53,323 ERROR Ignored benign Tk teardown race: bad window path name ".!ctktoplevel3"
2026-09-17 11:11:05,859 ERROR Ignored benign Tk teardown race: bad window path name ".!ctktoplevel3"
2026-09-30 15:47:04,618 ERROR Ignored benign Tk teardown race: bad window path name ".!ctktoplevel6"
2026-10-01 12:47:39,295 ERROR Operation ZEMPLOYEE failed:
Traceback (most recent call last):
  File "C:\Users\Abdullah\Desktop\DailyTask-Notebook\APP\main.py", line 217, in _target
    state["result"] = worker()
                      ^^^^^^^^
  File "C:\Users\Abdullah\Desktop\DailyTask-Notebook\APP\main.py", line 447, in <lambda>
    lambda: spec.func(source, **params),
            ^^^^^^^^^^^^^^^^^^^^^^^^^^^
  File "C:\Users\Abdullah\Desktop\DailyTask-Notebook\APP\operations.py", line 400, in op_zemployee
    return _zemployee_template(df, start_date.strip(), end_date.strip(), code, name)
           ^^^^^^^^^^^^^^^^^^^^^^^^^^^^^^^^^^^^^^^^^^^^^^^^^^^^^^^^^^^^^^^^^^^^^^^^^
  File "C:\Users\Abdullah\Desktop\DailyTask-Notebook\APP\operations.py", line 574, in _zemployee_template
    raise ValueError(
ValueError: ZEMPLOYEE validation failed (Pharma):
- Own-level ID must equal col1 (row: 2358 (level 4), 2397 (level 9), 2439 (level 9))
- Own-level terr must equal col3 (row: 2358 (level 4), 2397 (level 9), 2439 (level 9))
- Col1+Col2+Col3 must be unique (duplicate rows: 1540, 1541, 1542, 2411, 2439)

2026-10-01 14:55:10,200 ERROR Operation ZEMPLOYEE failed:
Traceback (most recent call last):
  File "C:\Users\Abdullah\Desktop\DailyTask-Notebook\APP\main.py", line 217, in _target
    state["result"] = worker()
                      ^^^^^^^^
  File "C:\Users\Abdullah\Desktop\DailyTask-Notebook\APP\main.py", line 447, in <lambda>
    lambda: spec.func(source, **params),
            ^^^^^^^^^^^^^^^^^^^^^^^^^^^
  File "C:\Users\Abdullah\Desktop\DailyTask-Notebook\APP\operations.py", line 400, in op_zemployee
    return _zemployee_template(df, start_date.strip(), end_date.strip(), code, name)
           ^^^^^^^^^^^^^^^^^^^^^^^^^^^^^^^^^^^^^^^^^^^^^^^^^^^^^^^^^^^^^^^^^^^^^^^^^
  File "C:\Users\Abdullah\Desktop\DailyTask-Notebook\APP\operations.py", line 574, in _zemployee_template
    raise ValueError(
ValueError: ZEMPLOYEE validation failed (Pharma):
- Col1 Employee must be EM + 10 chars (rows: 2, 3, 4, 5, 6, 7, 8, 9, 10, 11…)
- Col2 Depot must be 4-digit (rows: 2, 3, 4, 5, 6, 7, 8, 9, 10, 11…)
- Col3 Terr must be 7 chars (rows: 2, 3, 4, 5, 6, 7, 8, 9, 10, 11…)
- Col4 Hierarchy must be 1..15 (rows: 2, 3, 4, 5, 6, 7, 8, 9, 10, 11…)
- Level ID cols must be EM + 10 chars when filled (row/level: 2/L1, 2/L2, 2/L3, 2/L5, 2/L7, 2/L10, 3/L1, 3/L2, 3/L3, 3/L5…)
- Level terr cols must be 7 chars when filled (row/level: 2/L1, 2/L2, 2/L4, 2/L6, 2/L7, 2/L8, 2/L9, 2/L10, 2/L11, 2/L12…)
- Col1+Col2+Col3 must be unique (duplicate rows: 6, 12, 15, 28, 38, 57, 59, 69, 73, 83)

2026-10-01 14:56:18,502 ERROR Operation ZEMPLOYEE failed:
Traceback (most recent call last):
  File "C:\Users\Abdullah\Desktop\DailyTask-Notebook\APP\main.py", line 217, in _target
    state["result"] = worker()
                      ^^^^^^^^
  File "C:\Users\Abdullah\Desktop\DailyTask-Notebook\APP\main.py", line 447, in <lambda>
    lambda: spec.func(source, **params),
            ^^^^^^^^^^^^^^^^^^^^^^^^^^^
  File "C:\Users\Abdullah\Desktop\DailyTask-Notebook\APP\operations.py", line 400, in op_zemployee
    return _zemployee_template(df, start_date.strip(), end_date.strip(), code, name)
           ^^^^^^^^^^^^^^^^^^^^^^^^^^^^^^^^^^^^^^^^^^^^^^^^^^^^^^^^^^^^^^^^^^^^^^^^^
  File "C:\Users\Abdullah\Desktop\DailyTask-Notebook\APP\operations.py", line 574, in _zemployee_template
    raise ValueError(
ValueError: ZEMPLOYEE validation failed (Pharma):
- Col1+Col2+Col3 must be unique (duplicate rows: 2410, 2438)

2026-10-01 14:57:47,865 ERROR Ignored benign Tk teardown race: bad window path name ".!ctktoplevel14"
2026-10-01 14:57:47,881 ERROR Ignored benign Tk teardown race: bad window path name ".!ctktoplevel14"
2026-10-01 15:49:27,554 ERROR Ignored benign Tk teardown race: bad window path name ".!ctktoplevel2"
2026-10-01 15:49:27,567 ERROR Ignored benign Tk teardown race: bad window path name ".!ctktoplevel2"
2026-10-01 15:50:50,978 ERROR Operation SETUP_VALIDATION failed:
Traceback (most recent call last):
  File "C:\Users\Abdullah\Desktop\DailyTask-Notebook\APP\main.py", line 217, in _target
    state["result"] = worker()
                      ^^^^^^^^
  File "C:\Users\Abdullah\Desktop\DailyTask-Notebook\APP\main.py", line 447, in <lambda>
    lambda: spec.func(source, **params),
            ^^^^^^^^^^^^^^^^^^^^^^^^^^^
  File "C:\Users\Abdullah\Desktop\DailyTask-Notebook\APP\operations.py", line 1022, in op_setup_validation
    return _setup_validation_template(df, start_date.strip(), end_date.strip(), code, name)
           ^^^^^^^^^^^^^^^^^^^^^^^^^^^^^^^^^^^^^^^^^^^^^^^^^^^^^^^^^^^^^^^^^^^^^^^^^^^^^^^^
  File "C:\Users\Abdullah\Desktop\DailyTask-Notebook\APP\operations.py", line 1029, in _setup_validation_template
    colmap = _resolve_columns(df, _SETUP_REQUIRED)
             ^^^^^^^^^^^^^^^^^^^^^^^^^^^^^^^^^^^^^
  File "C:\Users\Abdullah\Desktop\DailyTask-Notebook\APP\operations.py", line 229, in _resolve_columns
    raise ValueError(
ValueError: Missing required column(s): MANDT, KUNNR, TERR_CODE, BEGDA, LEVEL1, LEVEL1_TERR, LEVEL2, LEVEL2_TERR, LEVEL3, LEVEL3_TERR, LEVEL4, LEVEL4_TERR, LEVEL5, LEVEL5_TERR, LEVEL6, LEVEL6_TERR, LEVEL7, LEVEL7_TERR, LEVEL8, LEVEL8_TERR, LEVEL10, LEVEL10_TERR, LEVEL11, LEVEL11_TERR, LEVEL12, LEVEL12_TERR, LEVEL13, LEVEL13_TERR, LEVEL14, LEVEL14_TERR, LEVEL15, LEVEL15_TERR. Available: Employee ID, Depot Code, MIO T. Code, Hierarchy Level, Division, Start Date, End Date, MIO/ SMIO, MIO T. Code_1, AM/ SAM, AM/ SAM T. Code, SAM, SAM T. Code, RSM, RSM T. Code, ASM, ASM T. Code, DSM, DSM T. Code, SM, SM T. Code, SSM, SSM T. Code, AGM, AGM T. Code, DGM, DGM T. Code, GM, GM T. Code, AD, AD T. Code

